// Jest Snapshot v1, https://goo.gl/fbAQLP

exports[`Character card Should match snapshot with card passed in 1`] = `
<CharacterCard
  card={
    Object {
      "id": 123,
      "name": "Nimsumm",
      "speciesName": "Human",
      "worldName": "Earth",
      "worldPopulation": "7500000000",
    }
  }
  updateFavoriteCount={[MockFunction]}
>
  <article
    className="character-card"
    key="123"
  >
    <FavoriteCardBtn
      card={
        Object {
          "id": 123,
          "name": "Nimsumm",
          "speciesName": "Human",
          "worldName": "Earth",
          "worldPopulation": "7500000000",
        }
      }
      updateFavoriteCount={[MockFunction]}
    >
      <button
        className="favorite-card-btn"
        name="favorite-card"
        onClick={[Function]}
        title="Add to Favorites"
        type="button"
      >
        <img
          alt="card background"
          src="empire.png"
        />
        <img
          alt="card background"
          src={
            Object {
              "ReactComponent": Object {
                "$$typeof": Symbol(react.forward_ref),
                "render": [Function],
              },
              "__esModule": true,
              "default": "inactive-star.svg",
            }
          }
        />
        <img
          alt="card background"
          src="rebel-alliance.png"
        />
      </button>
    </FavoriteCardBtn>
    <h3>
      Nimsumm
    </h3>
    <h4>
      Human
    </h4>
    <div
      className="home-planet"
    >
      <h4>
        Home Planet:
      </h4>
      <p
        className="world-name"
      >
        Earth
      </p>
      <p>
        7500000000
      </p>
    </div>
    <img
      alt="card background"
      className="bg-img"
      src="character-bg.png"
    />
  </article>
</CharacterCard>
`;
