// Jest Snapshot v1, https://goo.gl/fbAQLP

exports[`Character card Should match snapshot with card passed in 1`] = `
<PlanetCard
  card={
    Object {
      "climate": "Hot or Cold",
      "id": 123,
      "name": "Earth",
      "population": "7500000000",
      "residentNames": Array [
        Object {
          "id": 1,
          "name": "Nimsum",
        },
        Object {
          "id": 2,
          "name": "Dimsum",
        },
      ],
      "terrain": "Very Watery",
    }
  }
  updateFavoriteCount={[MockFunction]}
>
  <article
    className="planet-card"
    key="123"
  >
    <FavoriteCardBtn
      card={
        Object {
          "climate": "Hot or Cold",
          "id": 123,
          "name": "Earth",
          "population": "7500000000",
          "residentNames": Array [
            Object {
              "id": 1,
              "name": "Nimsum",
            },
            Object {
              "id": 2,
              "name": "Dimsum",
            },
          ],
          "terrain": "Very Watery",
        }
      }
      updateFavoriteCount={[MockFunction]}
    >
      <button
        className="favorite-card-btn"
        name="favorite-card"
        onClick={[Function]}
      >
        Favorite Btn(IMG)
      </button>
    </FavoriteCardBtn>
    <h3>
      Earth
    </h3>
    <p>
      Very Watery
    </p>
    <p>
      Hot or Cold
    </p>
    <p>
      7500000000
    </p>
    <div
      className="residents"
    >
      <p
        key="1"
      >
        Nimsum
      </p>
      <p
        key="2"
      >
        Dimsum
      </p>
    </div>
  </article>
</PlanetCard>
`;
