// Jest Snapshot v1, https://goo.gl/fbAQLP

exports[`Category Button Section Should match component snapshot 1`] = `
<section
  className="categories-btn-container"
>
  <div
    className="btn-container"
  >
    <PlanetsBtn
      activeBtn=""
      setActive={[Function]}
    />
    <PeopleBtn
      activeBtn=""
      setActive={[Function]}
    />
    <VehiclesBtn
      activeBtn=""
      setActive={[Function]}
    />
    <ViewFavoritesBtn
      activeBtn=""
      setActive={[Function]}
    />
  </div>
</section>
`;
